STDOUT:
----------------------
Context:
Callable = Callable-hash
Char = Char-hash
Int = Int-hash
List = List-hash
Object = Object-hash
String = String-hash
false = false
if = if
true = true
----------------------
TokSList()
  TokStore()
    TokObject(Object)
    TokValue(test)
    TokSend()
      TokSend()
        TokSend()
          TokSend()
            TokObject(Callable)
            TokMessage(clone)
              TokValue(test)
          TokMessage(store_param)
            TokValue(param1)
        TokMessage(store_param)
          TokValue(param2)
      TokMessage(store_body)
        TokSList()
          TokObject(param1)
Object-hash
----------------------
Context:
Callable = Callable-hash
Char = Char-hash
Int = Int-hash
List = List-hash
Object = Object-hash
String = String-hash
false = false
if = if
true = true
----------------------
STDERR:
