STDOUT:
----------------------
Context:
Callable = Callable-hash
Char = Char-hash
Int = Int-hash
List = List-hash
Object = Object-hash
String = String-hash
false = false
if = if
true = true
----------------------
TokSList()
  TokSend()
    TokObject(Object)
    TokMessage(clone)
      TokObject(Cat)
Cat-hash
----------------------
Context:
Callable = Callable-hash
Cat = Cat-hash
Char = Char-hash
Int = Int-hash
List = List-hash
Object = Object-hash
String = String-hash
false = false
if = if
true = true
----------------------
STDERR:
