STDOUT:
----------------------
Context:
Callable = Callable-hash
List = List-hash
Object = Object-hash
false = false
if = if
true = true
----------------------
TokSList()
  TokObject(Object)
Object-hash
----------------------
Context:
Callable = Callable-hash
List = List-hash
Object = Object-hash
false = false
if = if
true = true
----------------------
STDERR:
