STDOUT:
----------------------
Context:
Callable = Callable-hash
Int = Int-hash
List = List-hash
Object = Object-hash
false = false
if = if
true = true
----------------------
TokSList()
  TokStore()
    TokObject(Object)
    TokValue(test)
    TokSend()
      TokObject(Object)
      TokMessage(type)
Object-hash
----------------------
Context:
Callable = Callable-hash
Int = Int-hash
List = List-hash
Object = Object-hash
false = false
if = if
true = true
----------------------
STDERR:
