STDOUT:
----------------------
Context:
Callable = Callable-hash
Char = Char-hash
Int = Int-hash
List = List-hash
Object = Object-hash
Operators = Operators-hash
String = String-hash
false = false
if = if
true = true
----------------------
TokSList()
  TokSend()
    TokObject(if)
    TokMessage(if_true)
      TokSList()
        TokObject(true)
        TokSList()
          TokSList()
            TokSend()
              TokObject(Object)
              TokMessage(type)
        TokSList()
Object
----------------------
Context:
Callable = Callable-hash
Char = Char-hash
Int = Int-hash
List = List-hash
Object = Object-hash
Operators = Operators-hash
String = String-hash
false = false
if = if
true = true
----------------------
STDERR:
