STDOUT:
----------------------
Context:
Callable = Callable-hash
Char = Char-hash
Int = Int-hash
List = List-hash
Object = Object-hash
Operators = Operators-hash
String = String-hash
false = false
if = if
true = true
----------------------
TokSList()
  TokSend()
    TokObject(Object)
    TokMessage(clone)
      TokObject(Cat)
  TokSend()
    TokObject(Object)
    TokMessage(clone)
      TokObject(Dog)
  TokStore()
    TokObject(Dog)
    TokValue(meows)
    TokObject(false)
  TokSend()
    TokObject(Object)
    TokMessage(clone)
      TokObject(Duck)
  TokStore()
    TokObject(Duck)
    TokValue(meows)
    TokObject(false)
  TokSend()
    TokObject(if)
    TokMessage(if_true)
      TokSList()
        TokSend()
          TokObject(Dog)
          TokMessage(meows)
        TokSList()
          TokSList()
            TokSend()
              TokObject(Dog)
              TokMessage(type)
        TokSend()
          TokObject(if)
          TokMessage(if_true)
            TokSList()
              TokSend()
                TokObject(Duck)
                TokMessage(meows)
              TokSList()
                TokSList()
                  TokSend()
                    TokObject(Duck)
                    TokMessage(type)
              TokSList()
                TokSend()
                  TokObject(Cat)
                  TokMessage(type)
Cat
----------------------
Context:
Callable = Callable-hash
Cat = Cat-hash
Char = Char-hash
Dog = Dog-hash
Duck = Duck-hash
Int = Int-hash
List = List-hash
Object = Object-hash
Operators = Operators-hash
String = String-hash
false = false
if = if
true = true
----------------------
STDERR:
