STDOUT:
----------------------
Context:
Callable = Callable-hash
Char = Char-hash
Int = Int-hash
List = List-hash
Object = Object-hash
Operators = Operators-hash
String = String-hash
false = false
if = if
true = true
----------------------
TokSList()
  TokSend()
    TokObject(Object)
    TokMessage(clone)
      TokObject(obj)
Object-hash
----------------------
Context:
Callable = Callable-hash
Char = Char-hash
Int = Int-hash
List = List-hash
Object = Object-hash
Operators = Operators-hash
String = String-hash
false = false
if = if
obj = Object-hash
true = true
----------------------
STDERR:
