STDOUT:
----------------------
Context:
Callable = Callable-hash
Int = Int-hash
List = List-hash
Object = Object-hash
false = false
if = if
true = true
----------------------
TokSList()
  TokSend()
    TokObject(Object)
    TokMessage(clone)
      TokObject(obj)
  TokSend()
    TokObject(obj)
    TokMessage(type)
Object
----------------------
Context:
Callable = Callable-hash
Int = Int-hash
List = List-hash
Object = Object-hash
false = false
if = if
obj = Object-hash
true = true
----------------------
STDERR:
