STDOUT:
STDERR:
tests/rel/parser_error.st:1:11: Expected function declaration, Object or value. Found: ).
